generated prompt
$ python3 tools/fw.py prompt --round 126-long-role --role wwwwwwwwwwwwwwwwwwwwwwwwwwwwwwwwwwwwwwww
exit 0
Demo · ROUND 126 · WWWWWWWWWWWWWWWWWWWWWWWWWWWWWWWWWWWWWWWW

You are the Wwwwwwwwwwwwwwwwwwwwwwwwwwwwwwwwwwwwwwww for Demo, round 126-long-role. Work inside this project's folder on this machine (clone <fixture>/Demo if it is not here). From its main checkout, run python3 tools/fw.py start --role wwwwwwwwwwwwwwwwwwwwwwwwwwwwwwwwwwwwwwww --round 126-long-role --worktree .worktrees/wwwwwwwwwwwwwwwwwwwwwwwwwwwwwwwwwwwwwwww-126 (use py -3 or python if python3 is not found). Stop if it fails. Work in the folder it prints; startup creates or safely resumes the matching seat. In a cloud workspace, work in the clone it gives you and run python3 tools/fw.py start --role wwwwwwwwwwwwwwwwwwwwwwwwwwwwwwwwwwwwwwww --round 126-long-role without --worktree instead.

Then read AGENTS.md, docs/agents/FRAMEWORK.md, docs/agents/roles/worker.md and docs/rounds/126-long-role/brief.md, and carry out the brief. For first adoption, read the pinned source's framework documents until the installed copies exist.

Finish, even if you stop early, by writing docs/rounds/126-long-role/wwwwwwwwwwwwwwwwwwwwwwwwwwwwwwwwwwwwwwww.md and running python3 tools/fw.py report --role wwwwwwwwwwwwwwwwwwwwwwwwwwwwwwwwwwwwwwww --round 126-long-role --push. End your final reply with exactly one line: Demo · ROUND 126 · WWWWWWWWWWWWWWWWWWWWWWWWWWWWWWWWWWWWWWWW · DONE — report pushed at <commit>, or STOPPED or BLOCKED with the reason.

generated startup command
$ python3 tools/fw.py start --role wwwwwwwwwwwwwwwwwwwwwwwwwwwwwwwwwwwwwwww --round 126-long-role --worktree .worktrees/wwwwwwwwwwwwwwwwwwwwwwwwwwwwwwwwwwwwwwww-126
exit 0
created .worktrees/wwwwwwwwwwwwwwwwwwwwwwwwwwwwwwwwwwwwwwww-126
  continuing earlier work from wwwwwwwwwwwwwwwwwwwwwwwwwwwwwwwwwwwwwwww/126-long-role
seat ok: wwwwwwwwwwwwwwwwwwwwwwwwwwwwwwwwwwwwwwww, round 126-long-role, branch wwwwwwwwwwwwwwwwwwwwwwwwwwwwwwwwwwwwwwww/126-long-role at ddcae030186c
  brief: docs/rounds/126-long-role/brief.md
  finish with: write docs/rounds/126-long-role/wwwwwwwwwwwwwwwwwwwwwwwwwwwwwwwwwwwwwwww.md, then python3 tools/fw.py report --role wwwwwwwwwwwwwwwwwwwwwwwwwwwwwwwwwwwwwwww --round 126-long-role --push
work in: .worktrees/wwwwwwwwwwwwwwwwwwwwwwwwwwwwwwwwwwwwwwww-126

generated startup command
$ python3 tools/fw.py start --role wwwwwwwwwwwwwwwwwwwwwwwwwwwwwwwwwwwwwwww --round 126-long-role --worktree .worktrees/wwwwwwwwwwwwwwwwwwwwwwwwwwwwwwwwwwwwwwww-126
exit 0
  continuing earlier work from origin/wwwwwwwwwwwwwwwwwwwwwwwwwwwwwwwwwwwwwwww/126-long-role
resuming .worktrees/wwwwwwwwwwwwwwwwwwwwwwwwwwwwwwwwwwwwwwww-126
  continuing earlier work from origin/wwwwwwwwwwwwwwwwwwwwwwwwwwwwwwwwwwwwwwww/126-long-role
seat ok: wwwwwwwwwwwwwwwwwwwwwwwwwwwwwwwwwwwwwwww, round 126-long-role, branch wwwwwwwwwwwwwwwwwwwwwwwwwwwwwwwwwwwwwwww/126-long-role at ddcae030186c
  brief: docs/rounds/126-long-role/brief.md
  finish with: write docs/rounds/126-long-role/wwwwwwwwwwwwwwwwwwwwwwwwwwwwwwwwwwwwwwww.md, then python3 tools/fw.py report --role wwwwwwwwwwwwwwwwwwwwwwwwwwwwwwwwwwwwwwww --round 126-long-role --push
work in: .worktrees/wwwwwwwwwwwwwwwwwwwwwwwwwwwwwwwwwwwwwwww-126

generated prompt
$ python3 tools/fw.py prompt --round A_1.shape --role wwwwwwwwwwwwwwwwwwwwwwwwwwwwwwwwwwwwwwww
exit 0
Demo · ROUND A_1.shape · WWWWWWWWWWWWWWWWWWWWWWWWWWWWWWWWWWWWWWWW

You are the Wwwwwwwwwwwwwwwwwwwwwwwwwwwwwwwwwwwwwwww for Demo, round A_1.shape. Work inside this project's folder on this machine (clone <fixture>/Demo if it is not here). From its main checkout, run python3 tools/fw.py start --role wwwwwwwwwwwwwwwwwwwwwwwwwwwwwwwwwwwwwwww --round A_1.shape --worktree .worktrees/wwwwwwwwwwwwwwwwwwwwwwwwwwwwwwwwwwwwwwww-A_1.shape (use py -3 or python if python3 is not found). Stop if it fails. Work in the folder it prints; startup creates or safely resumes the matching seat. In a cloud workspace, work in the clone it gives you and run python3 tools/fw.py start --role wwwwwwwwwwwwwwwwwwwwwwwwwwwwwwwwwwwwwwww --round A_1.shape without --worktree instead.

Then read AGENTS.md, docs/agents/FRAMEWORK.md, docs/agents/roles/worker.md and docs/rounds/A_1.shape/brief.md, and carry out the brief. For first adoption, read the pinned source's framework documents until the installed copies exist.

Finish, even if you stop early, by writing docs/rounds/A_1.shape/wwwwwwwwwwwwwwwwwwwwwwwwwwwwwwwwwwwwwwww.md and running python3 tools/fw.py report --role wwwwwwwwwwwwwwwwwwwwwwwwwwwwwwwwwwwwwwww --round A_1.shape --push. End your final reply with exactly one line: Demo · ROUND A_1.shape · WWWWWWWWWWWWWWWWWWWWWWWWWWWWWWWWWWWWWWWW · DONE — report pushed at <commit>, or STOPPED or BLOCKED with the reason.

generated startup command
$ python3 tools/fw.py start --role wwwwwwwwwwwwwwwwwwwwwwwwwwwwwwwwwwwwwwww --round A_1.shape --worktree .worktrees/wwwwwwwwwwwwwwwwwwwwwwwwwwwwwwwwwwwwwwww-A_1.shape
exit 0
created .worktrees/wwwwwwwwwwwwwwwwwwwwwwwwwwwwwwwwwwwwwwww-A_1.shape
  continuing earlier work from wwwwwwwwwwwwwwwwwwwwwwwwwwwwwwwwwwwwwwww/A_1.shape
seat ok: wwwwwwwwwwwwwwwwwwwwwwwwwwwwwwwwwwwwwwww, round A_1.shape, branch wwwwwwwwwwwwwwwwwwwwwwwwwwwwwwwwwwwwwwww/A_1.shape at f980a08bb223
  brief: docs/rounds/A_1.shape/brief.md
  finish with: write docs/rounds/A_1.shape/wwwwwwwwwwwwwwwwwwwwwwwwwwwwwwwwwwwwwwww.md, then python3 tools/fw.py report --role wwwwwwwwwwwwwwwwwwwwwwwwwwwwwwwwwwwwwwww --round A_1.shape --push
work in: .worktrees/wwwwwwwwwwwwwwwwwwwwwwwwwwwwwwwwwwwwwwww-A_1.shape

generated startup command
$ python3 tools/fw.py start --role wwwwwwwwwwwwwwwwwwwwwwwwwwwwwwwwwwwwwwww --round A_1.shape --worktree .worktrees/wwwwwwwwwwwwwwwwwwwwwwwwwwwwwwwwwwwwwwww-A_1.shape
exit 0
  continuing earlier work from origin/wwwwwwwwwwwwwwwwwwwwwwwwwwwwwwwwwwwwwwww/A_1.shape
resuming .worktrees/wwwwwwwwwwwwwwwwwwwwwwwwwwwwwwwwwwwwwwww-A_1.shape
  continuing earlier work from origin/wwwwwwwwwwwwwwwwwwwwwwwwwwwwwwwwwwwwwwww/A_1.shape
seat ok: wwwwwwwwwwwwwwwwwwwwwwwwwwwwwwwwwwwwwwww, round A_1.shape, branch wwwwwwwwwwwwwwwwwwwwwwwwwwwwwwwwwwwwwwww/A_1.shape at f980a08bb223
  brief: docs/rounds/A_1.shape/brief.md
  finish with: write docs/rounds/A_1.shape/wwwwwwwwwwwwwwwwwwwwwwwwwwwwwwwwwwwwwwww.md, then python3 tools/fw.py report --role wwwwwwwwwwwwwwwwwwwwwwwwwwwwwwwwwwwwwwww --round A_1.shape --push
work in: .worktrees/wwwwwwwwwwwwwwwwwwwwwwwwwwwwwwwwwwwwwwww-A_1.shape
